// Jest Snapshot v1, https://goo.gl/fbAQLP

exports[`ToolBar Snapshot Should match Snapshot 1`] = `
<div
  className="toolbar"
>
  <div
    className="tools"
  >
    <span
      className="active"
      onClick={[Function]}
      title="Select Tool"
    >
      <svg
        fill="currentColor"
        height="1em"
        stroke="currentColor"
        strokeWidth="0"
        style={
          {
            "color": undefined,
          }
        }
        viewBox="0 0 512 512"
        width="1em"
        xmlns="http://www.w3.org/2000/svg"
      >
        <path
          d="M123.193 29.635L121 406.18l84.31-82.836 65.87 159.02 67.5-27.96-65.87-159.02L391 294.342z"
        />
      </svg>
    </span>
    <span
      className="active"
      onClick={[Function]}
      title="Move Tool"
    >
      <svg
        fill="currentColor"
        height="1em"
        stroke="currentColor"
        strokeWidth="0"
        style={
          {
            "color": undefined,
          }
        }
        viewBox="0 0 24 24"
        width="1em"
        xmlns="http://www.w3.org/2000/svg"
      >
        <path
          d="M18 11h-5V6h3l-4-4-4 4h3v5H6V8l-4 4 4 4v-3h5v5H8l4 4 4-4h-3v-5h5v3l4-4-4-4z"
        />
      </svg>
    </span>
    <span
      className=""
      onClick={[Function]}
      title="Closest Point"
    >
      <svg
        fill="currentColor"
        height="1em"
        stroke="currentColor"
        strokeWidth="0"
        style={
          {
            "color": undefined,
          }
        }
        viewBox="0 0 24 24"
        width="1em"
        xmlns="http://www.w3.org/2000/svg"
      >
        <path
          d="M17 11H7V7l-5 5 5 5v-4h10v4l5-5-5-5z"
        />
      </svg>
    </span>
    <span
      className=""
      onClick={[Function]}
      title="Export to console"
    >
      <svg
        fill="currentColor"
        height="1em"
        stroke="currentColor"
        strokeWidth="0"
        style={
          {
            "color": undefined,
          }
        }
        viewBox="0 0 24 24"
        width="1em"
        xmlns="http://www.w3.org/2000/svg"
      >
        <path
          d="M11 16h2V7h3l-4-5-4 5h3z"
        />
        <path
          d="M5 22h14c1.103 0 2-.897 2-2v-9c0-1.103-.897-2-2-2h-4v2h4v9H5v-9h4V9H5c-1.103 0-2 .897-2 2v9c0 1.103.897 2 2 2z"
        />
      </svg>
    </span>
  </div>
  <div
    className="shapes"
  >
    <span
      onClick={[Function]}
      title="Add Triangle"
    >
      <svg
        fill="currentColor"
        height="1em"
        stroke="currentColor"
        strokeWidth="0"
        style={
          {
            "color": undefined,
          }
        }
        viewBox="0 0 16 16"
        width="1em"
        xmlns="http://www.w3.org/2000/svg"
      >
        <path
          d="M7.022 1.566a1.13 1.13 0 0 1 1.96 0l6.857 11.667c.457.778-.092 1.767-.98 1.767H1.144c-.889 0-1.437-.99-.98-1.767L7.022 1.566z"
          fillRule="evenodd"
        />
      </svg>
    </span>
    <span
      onClick={[Function]}
      title="Add Square"
    >
      <svg
        fill="currentColor"
        height="1em"
        stroke="currentColor"
        strokeWidth="0"
        style={
          {
            "color": undefined,
          }
        }
        viewBox="0 0 512 512"
        width="1em"
        xmlns="http://www.w3.org/2000/svg"
      >
        <path
          d="M512 512H0V0h512v512z"
        />
      </svg>
    </span>
    <span
      onClick={[Function]}
      title="Add Hexagon"
    >
      <svg
        fill="currentColor"
        height="1em"
        stroke="currentColor"
        strokeWidth="0"
        style={
          {
            "color": undefined,
          }
        }
        viewBox="0 0 24 24"
        width="1em"
        xmlns="http://www.w3.org/2000/svg"
      >
        <path
          d="M0 0h24v24H0z"
          fill="none"
        />
        <path
          d="M17.2 3H6.8l-5.2 9 5.2 9h10.4l5.2-9z"
        />
      </svg>
    </span>
  </div>
</div>
`;
